// Jest Snapshot v1, https://goo.gl/fbAQLP

exports[`memo a 1`] = `[Function]`;
