// Jest Snapshot v1, https://goo.gl/fbAQLP

exports[`default error to match snapshot 1`] = `
Object {
  "data": Object {
    "httpStatusCode": 500,
  },
  "message": "error",
  "name": "HttpError",
  "stack": StringContaining "HttpError",
}
`;
